{
    "input": {
        "content": [
            "Samplesheet_multi.tsv:md5,25b97db179c42b568e28f00a1c475f78"
        ],
        "timestamp": "2023-05-28T21:15:03+0000"
    },
    "qiime2": {
        "content": [
            "descriptive_stats.tsv:md5,f6c6527f32005a005fef4d1830874a3e",
            "seven_number_summary.tsv:md5,4b177ed9a865e3320953b69860a435ef"
        ],
        "timestamp": "2023-05-28T21:15:03+0000"
    },
    "overall_summary_tsv": {
        "content": [
            "overall_summary.tsv:md5,cc01727705136cc5d096d373237e1e06"
        ],
        "timestamp": "2023-05-28T21:15:03+0000"
    },
    "dada2": {
        "content": [
            "ASV_seqs.fasta:md5,f786f2a262c3b7bf1eca475dc2c9bef6",
            "ASV_table.tsv:md5,91ca9b9ab06a873033c29af4f93dfa80",
            "ref_taxonomy.rdp_18.txt:md5,c20d8e186e2893ba7818a0115edb013e",
            "DADA2_stats.tsv:md5,1413d7b7abcdd9344efe78b550112345",
            "DADA2_table.rds:md5,e55f6c929176c853ac4d91123532df9c",
            "DADA2_table.tsv:md5,e9d7e7dfabdd1f9d3bbaa45eba545367"
        ],
        "timestamp": "2023-05-28T21:15:03+0000"
    },
    "barrnap": {
        "content": [
            "rrna.arc.gff:md5,07229e8767a6165fdc2e392d75aec74a",
            "rrna.bac.gff:md5,5e2dc0da75181e69c61ad49fe877848a",
            "rrna.euk.gff:md5,12cd46457b8fcf5853a6cfba39dd7c63",
            "rrna.mito.gff:md5,737567148a9252d93deb529a06f3239c"
        ],
        "timestamp": "2023-05-28T21:15:03+0000"
    },
    "multiqc": {
        "content": [
            "multiqc_general_stats.txt:md5,5cca03b6090ae25c5c3d4b5f49a7acb8",
            "multiqc_fastqc.txt:md5,7d23984b06e4251f17e1cfce7a04aaae"
        ],
        "timestamp": "2023-05-28T21:15:03+0000"
    }
}
